
> ai-research@0.0.1 test
> jest src/ai/ai.service.spec.ts

node.exe : [31m[Nest] 6312  - [39m02/11/2026, 3:52:02 AM 
[31m  ERROR[39m [38;5;3m[AiService] [39m[31mSemantic 
search failed: Embedding failed[39m
At C:\Program Files\nodejs\npm.ps1:29 char:3
+   & $NODE_EXE $NPM_CLI_JS $args
+   ~~~~~~~~~~~~~~~~~~~~~~~~~~~~~
    + CategoryInfo          : NotSpecified: ([31m[Nest] 631... 
   ing failed[39m:String) [], RemoteException
    + FullyQualifiedErrorId : NativeCommandError
 
[31m[Nest] 6312  - [39m02/11/2026, 3:52:02 AM [31m  
ERROR[39m [38;5;3m[AiService] [39m[31mKey point extraction 
failed: Extraction failed[39m
[31m[Nest] 6312  - [39m02/11/2026, 3:52:02 AM [31m  
ERROR[39m [38;5;3m[AiService] [39m[31mFailed to summarize 
document doc-1: Content too short[39m
[31m[Nest] 6312  - [39m02/11/2026, 3:52:02 AM [31m  
ERROR[39m [38;5;3m[AiService] [39m[31mFailed to summarize 
document doc-2: Content too short[39m
[31m[Nest] 6312  - [39m02/11/2026, 3:52:02 AM [31m  
ERROR[39m [38;5;3m[AiService] [39m[31mFailed to summarize 
document doc-1: Doc not found[39m
[31m[Nest] 6312  - [39m02/11/2026, 3:52:02 AM [31m  
ERROR[39m [38;5;3m[AiService] [39m[31mFailed to summarize 
document doc-2: Content too short[39m
[31m[Nest] 6312  - [39m02/11/2026, 3:52:02 AM [31m  
ERROR[39m [38;5;3m[AiService] [39m[31mAI status check 
failed: Error[39m
FAIL src/ai/ai.service.spec.ts
  AiService
    ΓêÜ should be defined (17 ms)
    summarize
      ├ù should summarize text content successfully (7 ms)
      ├ù should summarize document content successfully (3 ms)
      ΓêÜ should throw BadRequestException if both text and 
docId provided (3 ms)
      ΓêÜ should throw NotFoundException if document not found 
(7 ms)
    semanticSearch
      ΓêÜ should perform semantic search successfully (5 ms)
      ΓêÜ should handle search errors (5 ms)
    askQuestion
      ΓêÜ should answer question using RAG (4 ms)
      ΓêÜ should return no relevant info message if search 
yields no results (5 ms)
    extractKeyPoints
      ΓêÜ should extract key points successfully (3 ms)
      ΓêÜ should handle extraction errors (3 ms)
    generateBulkSummaries
      ├ù should generate summaries for multiple documents (3 ms)
      ├ù should handle errors for individual documents (4 ms)
    getAiStatus
      ΓêÜ should return AI status (3 ms)
      ΓêÜ should return unavailable status on error (3 ms)

  ΓùÅ AiService ΓÇ║ summarize ΓÇ║ should summarize text content 
successfully

    BadRequestException: Content too short

    [0m [90m 78 |[39m     [36mconst[39m { 
content[33m,[39m source } [33m=[39m [36mawait[39m 
[36mthis[39m[33m.[39mgetTextContent(text[33m,[39m 
docId[33m,[39m userId)[33m;[39m
     [90m 79 |[39m     [90m// ... validation logic ...[39m
    [31m[1m>[22m[39m[90m 80 |[39m     [36mif[39m 
(content[33m.[39mlength [33m<[39m [35m50[39m) 
[36mthrow[39m [36mnew[39m 
[33mBadRequestException[39m([32m'Content too 
short'[39m)[33m;[39m
     [90m    |[39m                                    
[31m[1m^[22m[39m
     [90m 81 |[39m
     [90m 82 |[39m     [90m// Get AI provider and generate 
summary[39m
     [90m 83 |[39m     [36mconst[39m provider [33m=[39m 
[36mawait[39m [36mthis[39m[33m.[39maiProviderFactory[33m.
[39mgetProvider()[33m;[39m[0m

      at AiService.summarize (ai/ai.service.ts:80:36)
      at Object.<anonymous> (ai/ai.service.spec.ts:88:22)

  ΓùÅ AiService ΓÇ║ summarize ΓÇ║ should summarize document 
content successfully

    BadRequestException: Content too short

    [0m [90m 78 |[39m     [36mconst[39m { 
content[33m,[39m source } [33m=[39m [36mawait[39m 
[36mthis[39m[33m.[39mgetTextContent(text[33m,[39m 
docId[33m,[39m userId)[33m;[39m
     [90m 79 |[39m     [90m// ... validation logic ...[39m
    [31m[1m>[22m[39m[90m 80 |[39m     [36mif[39m 
(content[33m.[39mlength [33m<[39m [35m50[39m) 
[36mthrow[39m [36mnew[39m 
[33mBadRequestException[39m([32m'Content too 
short'[39m)[33m;[39m
     [90m    |[39m                                    
[31m[1m^[22m[39m
     [90m 81 |[39m
     [90m 82 |[39m     [90m// Get AI provider and generate 
summary[39m
     [90m 83 |[39m     [36mconst[39m provider [33m=[39m 
[36mawait[39m [36mthis[39m[33m.[39maiProviderFactory[33m.
[39mgetProvider()[33m;[39m[0m

      at AiService.summarize (ai/ai.service.ts:80:36)
      at Object.<anonymous> (ai/ai.service.spec.ts:117:22)

  ΓùÅ AiService ΓÇ║ generateBulkSummaries ΓÇ║ should generate 
summaries for multiple documents

    expect(jest.fn()).toHaveBeenCalledTimes(expected)

    Expected number of calls: 2
    Received number of calls: 0

    [0m [90m 262 |[39m       expect(results[[35m0[39m][33m
.[39mdocId)[33m.[39mtoBe([32m'doc-1'[39m)[33m;[39m
     [90m 263 |[39m       expect(results[[35m1[39m][33m.[3
9mdocId)[33m.[39mtoBe([32m'doc-2'[39m)[33m;[39m
    [31m[1m>[22m[39m[90m 264 |[39m       expect(mockDocsSe
rvice[33m.[39mupdate)[33m.[39mtoHaveBeenCalledTimes([35m2[
39m)[33m;[39m
     [90m     |[39m                                      
[31m[1m^[22m[39m
     [90m 265 |[39m     })[33m;[39m
     [90m 266 |[39m
     [90m 267 |[39m     it([32m'should handle errors for 
individual documents'[39m[33m,[39m [36masync[39m () 
[33m=>[39m {[0m

      at Object.<anonymous> (ai/ai.service.spec.ts:264:38)

  ΓùÅ AiService ΓÇ║ generateBulkSummaries ΓÇ║ should handle 
errors for individual documents

    expect(received).toBe(expected) // Object.is equality

    Expected: "Summary"
    Received: ""

    [0m [90m 278 |[39m       
expect(results)[33m.[39mtoHaveLength([35m2[39m)[33m;[39m
     [90m 279 |[39m       expect(results[[35m0[39m][33m.[3
9merror)[33m.[39mtoBeDefined()[33m;[39m [90m// First 
failed[39m
    [31m[1m>[22m[39m[90m 280 |[39m       expect(results[[
35m1[39m][33m.[39msummary)[33m.[39mtoBe([32m'Summary'[39m
)[33m;[39m [90m// Second succeeded[39m
     [90m     |[39m                                  
[31m[1m^[22m[39m
     [90m 281 |[39m     })[33m;[39m
     [90m 282 |[39m   })[33m;[39m
     [90m 283 |[39m[0m

      at Object.<anonymous> (ai/ai.service.spec.ts:280:34)

Test Suites: 1 failed, 1 total
Tests:       4 failed, 11 passed, 15 total
Snapshots:   0 total
Time:        3.553 s
Ran all test suites matching src/ai/ai.service.spec.ts.
